﻿Testing stats update for product: CMMK9PMVQ0008ESK6EGMLQX83
Response status: 500
Response data: {
  error: 'Internal Server Error',
  message: '\n' +
    'Invalid `__TURBOPACK__imported__module__$5b$project$5d2f$lib$2f$prisma$2e$ts__$5b$app$2d$route$5d$__$28$ecmascript$29$__["prisma"].product.update()` invocation in\n' +
    'D:\\Development\\Nexit\\Nexitweb1\\.next\\dev\\server\\chunks\\[root-of-the-server]__dc8b1c7f._.js:113:161\n' +
    '\n' +
    '  110         status: 400\n' +
    '  111     });\n' +
    '  112 }\n' +
    'ΓåÆ 113 const product = await __TURBOPACK__imported__module__$5b$project$5d2f$lib$2f$prisma$2e$ts__$5b$app$2d$route$5d$__$28$ecmascript$29$__["prisma"].product.update(\n' +
    'An operation failed because it depends on one or more records that were required but not found. No record was found for an update.',
  stack: 'PrismaClientKnownRequestError: \n' +
    'Invalid `__TURBOPACK__imported__module__$5b$project$5d2f$lib$2f$prisma$2e$ts__$5b$app$2d$route$5d$__$28$ecmascript$29$__["prisma"].product.update()` invocation in\n' +
    'D:\\Development\\Nexit\\Nexitweb1\\.next\\dev\\server\\chunks\\[root-of-the-server]__dc8b1c7f._.js:113:161\n' +
    '\n' +
    '  110         status: 400\n' +
    '  111     });\n' +
    '  112 }\n' +
    'ΓåÆ 113 const product = await __TURBOPACK__imported__module__$5b$project$5d2f$lib$2f$prisma$2e$ts__$5b$app$2d$route$5d$__$28$ecmascript$29$__["prisma"].product.update(\n' +
    'An operation failed because it depends on one or more records that were required but not found. No record was found for an update.\n' +
    '    at zr.handleRequestError (D:\\Development\\Nexit\\Nexitweb1\\node_modules\\@prisma\\client\\runtime\\client.js:65:8286)\n' +
    '    at zr.handleAndLogRequestError (D:\\Development\\Nexit\\Nexitweb1\\node_modules\\@prisma\\client\\runtime\\client.js:65:7581)\n' +
    '    at zr.request (D:\\Development\\Nexit\\Nexitweb1\\node_modules\\@prisma\\client\\runtime\\client.js:65:7288)\n' +
    '    at process.processTicksAndRejections (node:internal/process/task_queues:103:5)\n' +
    '    at async a (D:\\Development\\Nexit\\Nexitweb1\\node_modules\\@prisma\\client\\runtime\\client.js:75:5816)\n' +
    '    at async POST (D:\\Development\\Nexit\\Nexitweb1\\.next\\dev\\server\\chunks\\[root-of-the-server]__dc8b1c7f._.js:113:25)\n' +
    '    at async AppRouteRouteModule.do (D:\\Development\\Nexit\\Nexitweb1\\node_modules\\next\\dist\\compiled\\next-server\\app-route-turbo.runtime.dev.js:23:37913)\n' +
    '    at async AppRouteRouteModule.handle (D:\\Development\\Nexit\\Nexitweb1\\node_modules\\next\\dist\\compiled\\next-server\\app-route-turbo.runtime.dev.js:23:45132)\n' +
    '    at async responseGenerator (D:\\Development\\Nexit\\Nexitweb1\\.next\\dev\\server\\chunks\\node_modules_0bb3f8d2._.js:16459:38)\n' +
    '    at async AppRouteRouteModule.handleResponse (D:\\Development\\Nexit\\Nexitweb1\\node_modules\\next\\dist\\compiled\\next-server\\app-route-turbo.runtime.dev.js:19:132654)\n' +
    '    at async handleResponse (D:\\Development\\Nexit\\Nexitweb1\\.next\\dev\\server\\chunks\\node_modules_0bb3f8d2._.js:16521:32)\n' +
    '    at async handler (D:\\Development\\Nexit\\Nexitweb1\\.next\\dev\\server\\chunks\\node_modules_0bb3f8d2._.js:16574:13)\n' +
    '    at async DevServer.renderToResponseWithComponentsImpl (D:\\Development\\Nexit\\Nexitweb1\\node_modules\\next\\dist\\server\\base-server.js:1415:9)\n' +
    '    at async DevServer.renderPageComponent (D:\\Development\\Nexit\\Nexitweb1\\node_modules\\next\\dist\\server\\base-server.js:1467:24)\n' +
    '    at async DevServer.renderToResponseImpl (D:\\Development\\Nexit\\Nexitweb1\\node_modules\\next\\dist\\server\\base-server.js:1517:32)\n' +
    '    at async DevServer.pipeImpl (D:\\Development\\Nexit\\Nexitweb1\\node_modules\\next\\dist\\server\\base-server.js:1023:25)\n' +
    '    at async NextNodeServer.handleCatchallRenderRequest (D:\\Development\\Nexit\\Nexitweb1\\node_modules\\next\\dist\\server\\next-server.js:394:17)\n' +
    '    at async DevServer.handleRequestImpl (D:\\Development\\Nexit\\Nexitweb1\\node_modules\\next\\dist\\server\\base-server.js:914:17)\n' +
    '    at async D:\\Development\\Nexit\\Nexitweb1\\node_modules\\next\\dist\\server\\dev\\next-dev-server.js:373:20\n' +
    '    at async Span.traceAsyncFn (D:\\Development\\Nexit\\Nexitweb1\\node_modules\\next\\dist\\trace\\trace.js:157:20)\n' +
    '    at async DevServer.handleRequest (D:\\Development\\Nexit\\Nexitweb1\\node_modules\\next\\dist\\server\\dev\\next-dev-server.js:369:24)\n' +
    '    at async invokeRender (D:\\Development\\Nexit\\Nexitweb1\\node_modules\\next\\dist\\server\\lib\\router-server.js:240:21)\n' +
    '    at async handleRequest (D:\\Development\\Nexit\\Nexitweb1\\node_modules\\next\\dist\\server\\lib\\router-server.js:436:24)\n' +
    '    at async requestHandlerImpl (D:\\Development\\Nexit\\Nexitweb1\\node_modules\\next\\dist\\server\\lib\\router-server.js:484:13)\n' +
    '    at async Server.requestListener (D:\\Development\\Nexit\\Nexitweb1\\node_modules\\next\\dist\\server\\lib\\start-server.js:226:13)'
}
